This is XeTeX, Version 3.14159265-2.6-0.99996 (TeX Live 2016) (preloaded format=xelatex 2016.5.22)  2 SEP 2017 14:49
entering extended mode
 restricted \write18 enabled.
 %&-line parsing enabled.
**test.tex
(./test.tex
LaTeX2e <2016/03/31>
Babel <3.9r> and hyphenation patterns for 83 language(s) loaded.
(/usr/local/texlive/2016/texmf-dist/tex/latex/base/article.cls
Document Class: article 2014/09/29 v1.4h Standard LaTeX document class
(/usr/local/texlive/2016/texmf-dist/tex/latex/base/size12.clo
File: size12.clo 2014/09/29 v1.4h Standard LaTeX file (size option)
)
\c@part=\count79
\c@section=\count80
\c@subsection=\count81
\c@subsubsection=\count82
\c@paragraph=\count83
\c@subparagraph=\count84
\c@figure=\count85
\c@table=\count86
\abovecaptionskip=\skip41
\belowcaptionskip=\skip42
\bibindent=\dimen102
)
(/usr/local/texlive/2016/texmf-dist/tex/latex/geometry/geometry.sty
Package: geometry 2010/09/12 v5.6 Page Geometry

(/usr/local/texlive/2016/texmf-dist/tex/latex/graphics/keyval.sty
Package: keyval 2014/10/28 v1.15 key=value parser (DPC)
\KV@toks@=\toks14
)
(/usr/local/texlive/2016/texmf-dist/tex/generic/oberdiek/ifpdf.sty
Package: ifpdf 2016/05/14 v3.1 Provides the ifpdf switch
)
(/usr/local/texlive/2016/texmf-dist/tex/generic/oberdiek/ifvtex.sty
Package: ifvtex 2016/05/16 v1.6 Detect VTeX and its facilities (HO)
Package ifvtex Info: VTeX not detected.
)
(/usr/local/texlive/2016/texmf-dist/tex/generic/ifxetex/ifxetex.sty
Package: ifxetex 2010/09/12 v0.6 Provides ifxetex conditional
)
\Gm@cnth=\count87
\Gm@cntv=\count88
\c@Gm@tempcnt=\count89
\Gm@bindingoffset=\dimen103
\Gm@wd@mp=\dimen104
\Gm@odd@mp=\dimen105
\Gm@even@mp=\dimen106
\Gm@layoutwidth=\dimen107
\Gm@layoutheight=\dimen108
\Gm@layouthoffset=\dimen109
\Gm@layoutvoffset=\dimen110
\Gm@dimlist=\toks15
)
(/usr/local/texlive/2016/texmf-dist/tex/latex/amsmath/amsmath.sty
Package: amsmath 2016/03/10 v2.15b AMS math features
\@mathmargin=\skip43

For additional information on amsmath, use the `?' option.
(/usr/local/texlive/2016/texmf-dist/tex/latex/amsmath/amstext.sty
Package: amstext 2000/06/29 v2.01 AMS text

(/usr/local/texlive/2016/texmf-dist/tex/latex/amsmath/amsgen.sty
File: amsgen.sty 1999/11/30 v2.0 generic functions
\@emptytoks=\toks16
\ex@=\dimen111
))
(/usr/local/texlive/2016/texmf-dist/tex/latex/amsmath/amsbsy.sty
Package: amsbsy 1999/11/29 v1.2d Bold Symbols
\pmbraise@=\dimen112
)
(/usr/local/texlive/2016/texmf-dist/tex/latex/amsmath/amsopn.sty
Package: amsopn 2016/03/08 v2.02 operator names
)
\inf@bad=\count90
LaTeX Info: Redefining \frac on input line 199.
\uproot@=\count91
\leftroot@=\count92
LaTeX Info: Redefining \overline on input line 297.
\classnum@=\count93
\DOTSCASE@=\count94
LaTeX Info: Redefining \ldots on input line 394.
LaTeX Info: Redefining \dots on input line 397.
LaTeX Info: Redefining \cdots on input line 518.
\Mathstrutbox@=\box26
\strutbox@=\box27
\big@size=\dimen113
LaTeX Font Info:    Redeclaring font encoding OML on input line 634.
LaTeX Font Info:    Redeclaring font encoding OMS on input line 635.
\macc@depth=\count95
\c@MaxMatrixCols=\count96
\dotsspace@=\muskip10
\c@parentequation=\count97
\dspbrk@lvl=\count98
\tag@help=\toks17
\row@=\count99
\column@=\count100
\maxfields@=\count101
\andhelp@=\toks18
\eqnshift@=\dimen114
\alignsep@=\dimen115
\tagshift@=\dimen116
\tagwidth@=\dimen117
\totwidth@=\dimen118
\lineht@=\dimen119
\@envbody=\toks19
\multlinegap=\skip44
\multlinetaggap=\skip45
\mathdisplay@stack=\toks20
LaTeX Info: Redefining \[ on input line 2739.
LaTeX Info: Redefining \] on input line 2740.
)
(/usr/local/texlive/2016/texmf-dist/tex/latex/amsfonts/amssymb.sty
Package: amssymb 2013/01/14 v3.01 AMS font symbols

(/usr/local/texlive/2016/texmf-dist/tex/latex/amsfonts/amsfonts.sty
Package: amsfonts 2013/01/14 v3.01 Basic AMSFonts support
\symAMSa=\mathgroup4
\symAMSb=\mathgroup5
LaTeX Font Info:    Overwriting math alphabet `\mathfrak' in version `bold'
(Font)                  U/euf/m/n --> U/euf/b/n on input line 106.
))
(/usr/local/texlive/2016/texmf-dist/tex/latex/pgf/frontendlayer/tikz.sty
(/usr/local/texlive/2016/texmf-dist/tex/latex/pgf/basiclayer/pgf.sty
(/usr/local/texlive/2016/texmf-dist/tex/latex/pgf/utilities/pgfrcs.sty
(/usr/local/texlive/2016/texmf-dist/tex/generic/pgf/utilities/pgfutil-common.te
x
\pgfutil@everybye=\toks21
\pgfutil@tempdima=\dimen120
\pgfutil@tempdimb=\dimen121

(/usr/local/texlive/2016/texmf-dist/tex/generic/pgf/utilities/pgfutil-common-li
sts.tex))
(/usr/local/texlive/2016/texmf-dist/tex/generic/pgf/utilities/pgfutil-latex.def
\pgfutil@abb=\box28
(/usr/local/texlive/2016/texmf-dist/tex/latex/ms/everyshi.sty
Package: everyshi 2001/05/15 v3.00 EveryShipout Package (MS)
))
(/usr/local/texlive/2016/texmf-dist/tex/generic/pgf/utilities/pgfrcs.code.tex
Package: pgfrcs 2015/08/07 v3.0.1a (rcs-revision 1.31)
))
Package: pgf 2015/08/07 v3.0.1a (rcs-revision 1.15)
(/usr/local/texlive/2016/texmf-dist/tex/latex/pgf/basiclayer/pgfcore.sty
(/usr/local/texlive/2016/texmf-dist/tex/latex/graphics/graphicx.sty
Package: graphicx 2014/10/28 v1.0g Enhanced LaTeX Graphics (DPC,SPQR)

(/usr/local/texlive/2016/texmf-dist/tex/latex/graphics/graphics.sty
Package: graphics 2016/05/09 v1.0r Standard LaTeX Graphics (DPC,SPQR)

(/usr/local/texlive/2016/texmf-dist/tex/latex/graphics/trig.sty
Package: trig 2016/01/03 v1.10 sin cos tan (DPC)
)
(/usr/local/texlive/2016/texmf-dist/tex/latex/graphics-cfg/graphics.cfg
File: graphics.cfg 2016/01/02 v1.10 sample graphics configuration
)
Package graphics Info: Driver file: xetex.def on input line 96.

(/usr/local/texlive/2016/texmf-dist/tex/xelatex/xetex-def/xetex.def
File: xetex.def 2016/04/06 v4.08 LaTeX color/graphics driver for XeTeX (TeX Liv
e/RRM/JK)

(/usr/local/texlive/2016/texmf-dist/tex/generic/oberdiek/infwarerr.sty
Package: infwarerr 2016/05/16 v1.4 Providing info/warning/error messages (HO)
)
(/usr/local/texlive/2016/texmf-dist/tex/generic/oberdiek/ltxcmds.sty
Package: ltxcmds 2016/05/16 v1.23 LaTeX kernel commands for general use (HO)
)))
\Gin@req@height=\dimen122
\Gin@req@width=\dimen123
)
(/usr/local/texlive/2016/texmf-dist/tex/latex/pgf/systemlayer/pgfsys.sty
(/usr/local/texlive/2016/texmf-dist/tex/generic/pgf/systemlayer/pgfsys.code.tex
Package: pgfsys 2014/07/09 v3.0.1a (rcs-revision 1.48)
(/usr/local/texlive/2016/texmf-dist/tex/generic/pgf/utilities/pgfkeys.code.tex
\pgfkeys@pathtoks=\toks22
\pgfkeys@temptoks=\toks23

(/usr/local/texlive/2016/texmf-dist/tex/generic/pgf/utilities/pgfkeysfiltered.c
ode.tex
\pgfkeys@tmptoks=\toks24
))
\pgf@x=\dimen124
\pgf@y=\dimen125
\pgf@xa=\dimen126
\pgf@ya=\dimen127
\pgf@xb=\dimen128
\pgf@yb=\dimen129
\pgf@xc=\dimen130
\pgf@yc=\dimen131
\w@pgf@writea=\write3
\r@pgf@reada=\read1
\c@pgf@counta=\count102
\c@pgf@countb=\count103
\c@pgf@countc=\count104
\c@pgf@countd=\count105
\t@pgf@toka=\toks25
\t@pgf@tokb=\toks26
\t@pgf@tokc=\toks27

(/usr/local/texlive/2016/texmf-dist/tex/generic/pgf/systemlayer/pgf.cfg
File: pgf.cfg 2008/05/14  (rcs-revision 1.7)
)
Driver file for pgf: pgfsys-xetex.def

(/usr/local/texlive/2016/texmf-dist/tex/generic/pgf/systemlayer/pgfsys-xetex.de
f
File: pgfsys-xetex.def 2014/07/09  (rcs-revision 1.11)

(/usr/local/texlive/2016/texmf-dist/tex/generic/pgf/systemlayer/pgfsys-dvipdfmx
.def
File: pgfsys-dvipdfmx.def 2014/07/09  (rcs-revision 1.14)

(/usr/local/texlive/2016/texmf-dist/tex/generic/pgf/systemlayer/pgfsys-common-p
df.def
File: pgfsys-common-pdf.def 2013/10/10  (rcs-revision 1.13)
)
\pgfsys@objnum=\count106
)))
(/usr/local/texlive/2016/texmf-dist/tex/generic/pgf/systemlayer/pgfsyssoftpath.
code.tex
File: pgfsyssoftpath.code.tex 2013/09/09  (rcs-revision 1.9)
\pgfsyssoftpath@smallbuffer@items=\count107
\pgfsyssoftpath@bigbuffer@items=\count108
)
(/usr/local/texlive/2016/texmf-dist/tex/generic/pgf/systemlayer/pgfsysprotocol.
code.tex
File: pgfsysprotocol.code.tex 2006/10/16  (rcs-revision 1.4)
)) (/usr/local/texlive/2016/texmf-dist/tex/latex/xcolor/xcolor.sty
Package: xcolor 2016/05/11 v2.12 LaTeX color extensions (UK)

(/usr/local/texlive/2016/texmf-dist/tex/latex/graphics-cfg/color.cfg
File: color.cfg 2016/01/02 v1.6 sample color configuration
)
Package xcolor Info: Driver file: xetex.def on input line 225.
Package xcolor Info: Model `cmy' substituted by `cmy0' on input line 1348.
Package xcolor Info: Model `RGB' extended on input line 1364.
Package xcolor Info: Model `HTML' substituted by `rgb' on input line 1366.
Package xcolor Info: Model `Hsb' substituted by `hsb' on input line 1367.
Package xcolor Info: Model `tHsb' substituted by `hsb' on input line 1368.
Package xcolor Info: Model `HSB' substituted by `hsb' on input line 1369.
Package xcolor Info: Model `Gray' substituted by `gray' on input line 1370.
Package xcolor Info: Model `wave' substituted by `hsb' on input line 1371.
)
(/usr/local/texlive/2016/texmf-dist/tex/generic/pgf/basiclayer/pgfcore.code.tex
Package: pgfcore 2010/04/11 v3.0.1a (rcs-revision 1.7)
(/usr/local/texlive/2016/texmf-dist/tex/generic/pgf/math/pgfmath.code.tex
(/usr/local/texlive/2016/texmf-dist/tex/generic/pgf/math/pgfmathcalc.code.tex
(/usr/local/texlive/2016/texmf-dist/tex/generic/pgf/math/pgfmathutil.code.tex)
(/usr/local/texlive/2016/texmf-dist/tex/generic/pgf/math/pgfmathparser.code.tex
\pgfmath@dimen=\dimen132
\pgfmath@count=\count109
\pgfmath@box=\box29
\pgfmath@toks=\toks28
\pgfmath@stack@operand=\toks29
\pgfmath@stack@operation=\toks30
)
(/usr/local/texlive/2016/texmf-dist/tex/generic/pgf/math/pgfmathfunctions.code.
tex
(/usr/local/texlive/2016/texmf-dist/tex/generic/pgf/math/pgfmathfunctions.basic
.code.tex)
(/usr/local/texlive/2016/texmf-dist/tex/generic/pgf/math/pgfmathfunctions.trigo
nometric.code.tex)
(/usr/local/texlive/2016/texmf-dist/tex/generic/pgf/math/pgfmathfunctions.rando
m.code.tex)
(/usr/local/texlive/2016/texmf-dist/tex/generic/pgf/math/pgfmathfunctions.compa
rison.code.tex)
(/usr/local/texlive/2016/texmf-dist/tex/generic/pgf/math/pgfmathfunctions.base.
code.tex)
(/usr/local/texlive/2016/texmf-dist/tex/generic/pgf/math/pgfmathfunctions.round
.code.tex)
(/usr/local/texlive/2016/texmf-dist/tex/generic/pgf/math/pgfmathfunctions.misc.
code.tex)
(/usr/local/texlive/2016/texmf-dist/tex/generic/pgf/math/pgfmathfunctions.integ
erarithmetics.code.tex)))
(/usr/local/texlive/2016/texmf-dist/tex/generic/pgf/math/pgfmathfloat.code.tex
\c@pgfmathroundto@lastzeros=\count110
))
(/usr/local/texlive/2016/texmf-dist/tex/generic/pgf/basiclayer/pgfcorepoints.co
de.tex
File: pgfcorepoints.code.tex 2013/10/07  (rcs-revision 1.27)
\pgf@picminx=\dimen133
\pgf@picmaxx=\dimen134
\pgf@picminy=\dimen135
\pgf@picmaxy=\dimen136
\pgf@pathminx=\dimen137
\pgf@pathmaxx=\dimen138
\pgf@pathminy=\dimen139
\pgf@pathmaxy=\dimen140
\pgf@xx=\dimen141
\pgf@xy=\dimen142
\pgf@yx=\dimen143
\pgf@yy=\dimen144
\pgf@zx=\dimen145
\pgf@zy=\dimen146
)
(/usr/local/texlive/2016/texmf-dist/tex/generic/pgf/basiclayer/pgfcorepathconst
ruct.code.tex
File: pgfcorepathconstruct.code.tex 2013/10/07  (rcs-revision 1.29)
\pgf@path@lastx=\dimen147
\pgf@path@lasty=\dimen148
)
(/usr/local/texlive/2016/texmf-dist/tex/generic/pgf/basiclayer/pgfcorepathusage
.code.tex
File: pgfcorepathusage.code.tex 2014/11/02  (rcs-revision 1.24)
\pgf@shorten@end@additional=\dimen149
\pgf@shorten@start@additional=\dimen150
)
(/usr/local/texlive/2016/texmf-dist/tex/generic/pgf/basiclayer/pgfcorescopes.co
de.tex
File: pgfcorescopes.code.tex 2015/05/08  (rcs-revision 1.46)
\pgfpic=\box30
\pgf@hbox=\box31
\pgf@layerbox@main=\box32
\pgf@picture@serial@count=\count111
)
(/usr/local/texlive/2016/texmf-dist/tex/generic/pgf/basiclayer/pgfcoregraphicst
ate.code.tex
File: pgfcoregraphicstate.code.tex 2014/11/02  (rcs-revision 1.12)
\pgflinewidth=\dimen151
)
(/usr/local/texlive/2016/texmf-dist/tex/generic/pgf/basiclayer/pgfcoretransform
ations.code.tex
File: pgfcoretransformations.code.tex 2015/08/07  (rcs-revision 1.20)
\pgf@pt@x=\dimen152
\pgf@pt@y=\dimen153
\pgf@pt@temp=\dimen154
)
(/usr/local/texlive/2016/texmf-dist/tex/generic/pgf/basiclayer/pgfcorequick.cod
e.tex
File: pgfcorequick.code.tex 2008/10/09  (rcs-revision 1.3)
)
(/usr/local/texlive/2016/texmf-dist/tex/generic/pgf/basiclayer/pgfcoreobjects.c
ode.tex
File: pgfcoreobjects.code.tex 2006/10/11  (rcs-revision 1.2)
)
(/usr/local/texlive/2016/texmf-dist/tex/generic/pgf/basiclayer/pgfcorepathproce
ssing.code.tex
File: pgfcorepathprocessing.code.tex 2013/09/09  (rcs-revision 1.9)
)
(/usr/local/texlive/2016/texmf-dist/tex/generic/pgf/basiclayer/pgfcorearrows.co
de.tex
File: pgfcorearrows.code.tex 2015/05/14  (rcs-revision 1.43)
\pgfarrowsep=\dimen155
)
(/usr/local/texlive/2016/texmf-dist/tex/generic/pgf/basiclayer/pgfcoreshade.cod
e.tex
File: pgfcoreshade.code.tex 2013/07/15  (rcs-revision 1.15)
\pgf@max=\dimen156
\pgf@sys@shading@range@num=\count112
)
(/usr/local/texlive/2016/texmf-dist/tex/generic/pgf/basiclayer/pgfcoreimage.cod
e.tex
File: pgfcoreimage.code.tex 2013/07/15  (rcs-revision 1.18)

(/usr/local/texlive/2016/texmf-dist/tex/generic/pgf/basiclayer/pgfcoreexternal.
code.tex
File: pgfcoreexternal.code.tex 2014/07/09  (rcs-revision 1.21)
\pgfexternal@startupbox=\box33
))
(/usr/local/texlive/2016/texmf-dist/tex/generic/pgf/basiclayer/pgfcorelayers.co
de.tex
File: pgfcorelayers.code.tex 2013/07/18  (rcs-revision 1.7)
)
(/usr/local/texlive/2016/texmf-dist/tex/generic/pgf/basiclayer/pgfcoretranspare
ncy.code.tex
File: pgfcoretransparency.code.tex 2013/09/30  (rcs-revision 1.5)
)
(/usr/local/texlive/2016/texmf-dist/tex/generic/pgf/basiclayer/pgfcorepatterns.
code.tex
File: pgfcorepatterns.code.tex 2013/11/07  (rcs-revision 1.5)
)))
(/usr/local/texlive/2016/texmf-dist/tex/generic/pgf/modules/pgfmoduleshapes.cod
e.tex
File: pgfmoduleshapes.code.tex 2014/03/21  (rcs-revision 1.35)
\pgfnodeparttextbox=\box34
)
(/usr/local/texlive/2016/texmf-dist/tex/generic/pgf/modules/pgfmoduleplot.code.
tex
File: pgfmoduleplot.code.tex 2015/08/03  (rcs-revision 1.13)
)
(/usr/local/texlive/2016/texmf-dist/tex/latex/pgf/compatibility/pgfcomp-version
-0-65.sty
Package: pgfcomp-version-0-65 2007/07/03 v3.0.1a (rcs-revision 1.7)
\pgf@nodesepstart=\dimen157
\pgf@nodesepend=\dimen158
)
(/usr/local/texlive/2016/texmf-dist/tex/latex/pgf/compatibility/pgfcomp-version
-1-18.sty
Package: pgfcomp-version-1-18 2007/07/23 v3.0.1a (rcs-revision 1.1)
))
(/usr/local/texlive/2016/texmf-dist/tex/latex/pgf/utilities/pgffor.sty
(/usr/local/texlive/2016/texmf-dist/tex/latex/pgf/utilities/pgfkeys.sty
(/usr/local/texlive/2016/texmf-dist/tex/generic/pgf/utilities/pgfkeys.code.tex)
) (/usr/local/texlive/2016/texmf-dist/tex/latex/pgf/math/pgfmath.sty
(/usr/local/texlive/2016/texmf-dist/tex/generic/pgf/math/pgfmath.code.tex))
(/usr/local/texlive/2016/texmf-dist/tex/generic/pgf/utilities/pgffor.code.tex
Package: pgffor 2013/12/13 v3.0.1a (rcs-revision 1.25)

(/usr/local/texlive/2016/texmf-dist/tex/generic/pgf/math/pgfmath.code.tex)
\pgffor@iter=\dimen159
\pgffor@skip=\dimen160
\pgffor@stack=\toks31
\pgffor@toks=\toks32
))
(/usr/local/texlive/2016/texmf-dist/tex/generic/pgf/frontendlayer/tikz/tikz.cod
e.tex
Package: tikz 2015/08/07 v3.0.1a (rcs-revision 1.151)

(/usr/local/texlive/2016/texmf-dist/tex/generic/pgf/libraries/pgflibraryplothan
dlers.code.tex
File: pgflibraryplothandlers.code.tex 2013/08/31 v3.0.1a (rcs-revision 1.20)
\pgf@plot@mark@count=\count113
\pgfplotmarksize=\dimen161
)
\tikz@lastx=\dimen162
\tikz@lasty=\dimen163
\tikz@lastxsaved=\dimen164
\tikz@lastysaved=\dimen165
\tikzleveldistance=\dimen166
\tikzsiblingdistance=\dimen167
\tikz@figbox=\box35
\tikz@figbox@bg=\box36
\tikz@tempbox=\box37
\tikz@tempbox@bg=\box38
\tikztreelevel=\count114
\tikznumberofchildren=\count115
\tikznumberofcurrentchild=\count116
\tikz@fig@count=\count117

(/usr/local/texlive/2016/texmf-dist/tex/generic/pgf/modules/pgfmodulematrix.cod
e.tex
File: pgfmodulematrix.code.tex 2013/09/17  (rcs-revision 1.8)
\pgfmatrixcurrentrow=\count118
\pgfmatrixcurrentcolumn=\count119
\pgf@matrix@numberofcolumns=\count120
)
\tikz@expandcount=\count121

(/usr/local/texlive/2016/texmf-dist/tex/generic/pgf/frontendlayer/tikz/librarie
s/tikzlibrarytopaths.code.tex
File: tikzlibrarytopaths.code.tex 2008/06/17 v3.0.1a (rcs-revision 1.2)
)))
(/usr/local/texlive/2016/texmf-dist/tex/latex/comment/comment.sty
\CommentStream=\write4

Excluding comment 'comment')
(/usr/local/texlive/2016/texmf-dist/tex/latex/adjustbox/adjustbox.sty
Package: adjustbox 2012/05/21 v1.0 Adjusting TeX boxes (trim, clip, ...)

(/usr/local/texlive/2016/texmf-dist/tex/latex/xkeyval/xkeyval.sty
Package: xkeyval 2014/12/03 v2.7a package option processing (HA)

(/usr/local/texlive/2016/texmf-dist/tex/generic/xkeyval/xkeyval.tex
(/usr/local/texlive/2016/texmf-dist/tex/generic/xkeyval/xkvutils.tex
\XKV@toks=\toks33
\XKV@tempa@toks=\toks34
)
\XKV@depth=\count122
File: xkeyval.tex 2014/12/03 v2.7a key=value parser (HA)
))
(/usr/local/texlive/2016/texmf-dist/tex/latex/adjustbox/adjcalc.sty
Package: adjcalc 2012/05/16 v1.1 Provides advanced setlength with multiple back
-ends (calc, etex, pgfmath)
)
(/usr/local/texlive/2016/texmf-dist/tex/latex/adjustbox/trimclip.sty
Package: trimclip 2012/05/16 v1.0 Trim and clip general TeX material

(/usr/local/texlive/2016/texmf-dist/tex/latex/collectbox/collectbox.sty
Package: collectbox 2012/05/17 v0.4b Collect macro arguments as boxes
\collectedbox=\box39
)
\tc@llx=\dimen168
\tc@lly=\dimen169
\tc@urx=\dimen170
\tc@ury=\dimen171
Package trimclip Info: Using driver 'tc-xetex.def'.

(/usr/local/texlive/2016/texmf-dist/tex/latex/adjustbox/tc-xetex.def
File: tc-xetex.def 2012/05/13 v1.0 Clipping driver for xetex
))
\adjbox@Width=\dimen172
\adjbox@Height=\dimen173
\adjbox@Depth=\dimen174
\adjbox@Totalheight=\dimen175

(/usr/local/texlive/2016/texmf-dist/tex/latex/ifoddpage/ifoddpage.sty
Package: ifoddpage 2016/04/23 v1.1 Conditionals for odd/even page detection
\c@checkoddpage=\count123
)
(/usr/local/texlive/2016/texmf-dist/tex/latex/varwidth/varwidth.sty
Package: varwidth 2009/03/30 ver 0.92;  Variable-width minipages
\@vwid@box=\box40
\sift@deathcycles=\count124
\@vwid@loff=\dimen176
\@vwid@roff=\dimen177
))
(/usr/local/texlive/2016/texmf-dist/tex/generic/iftex/iftex.sty
Package: iftex 2013/04/04 v0.2 Provides if(tex) conditional for PDFTeX, XeTeX, 
and LuaTeX
)
(/usr/local/texlive/2016/texmf-dist/tex/latex/fontspec/fontspec.sty
(/usr/local/texlive/2016/texmf-dist/tex/latex/l3kernel/expl3.sty
Package: expl3 2016/05/18 v6512 L3 programming layer (loader) 

(/usr/local/texlive/2016/texmf-dist/tex/latex/l3kernel/expl3-code.tex
Package: expl3 2016/05/18 v6512 L3 programming layer (code)
L3 Module: l3bootstrap 2016/02/12 v6412 L3 Bootstrap code
L3 Module: l3names 2016/03/11 v6433 L3 Namespace for primitives
L3 Module: l3basics 2015/11/22 v6315 L3 Basic definitions
L3 Module: l3expan 2015/09/10 v5983 L3 Argument expansion
L3 Module: l3tl 2016/03/26 v6465 L3 Token lists
L3 Module: l3str 2016/03/24 v6441 L3 Strings
L3 Module: l3seq 2015/08/05 v5777 L3 Sequences and stacks
L3 Module: l3int 2016/03/24 v6441 L3 Integers
\c_max_int=\count125
\l_tmpa_int=\count126
\l_tmpb_int=\count127
\g_tmpa_int=\count128
\g_tmpb_int=\count129
L3 Module: l3quark 2015/08/17 v5855 L3 Quarks
L3 Module: l3prg 2015/11/01 v6216 L3 Control structures
\g__prg_map_int=\count130
L3 Module: l3clist 2015/09/02 v5901 L3 Comma separated lists
L3 Module: l3token 2016/04/03 v6470 L3 Experimental token manipulation
L3 Module: l3prop 2016/01/05 v6366 L3 Property lists
L3 Module: l3msg 2016/03/26 v6464 L3 Messages
L3 Module: l3file 2016/03/25 v6458 L3 File and I/O operations
\l_iow_line_count_int=\count131
\l__iow_target_count_int=\count132
\l__iow_current_line_int=\count133
\l__iow_current_word_int=\count134
\l__iow_current_indentation_int=\count135
L3 Module: l3skip 2016/01/05 v6366 L3 Dimensions and skips
\c_zero_dim=\dimen178
\c_max_dim=\dimen179
\l_tmpa_dim=\dimen180
\l_tmpb_dim=\dimen181
\g_tmpa_dim=\dimen182
\g_tmpb_dim=\dimen183
\c_zero_skip=\skip46
\c_max_skip=\skip47
\l_tmpa_skip=\skip48
\l_tmpb_skip=\skip49
\g_tmpa_skip=\skip50
\g_tmpb_skip=\skip51
\c_zero_muskip=\muskip11
\c_max_muskip=\muskip12
\l_tmpa_muskip=\muskip13
\l_tmpb_muskip=\muskip14
\g_tmpa_muskip=\muskip15
\g_tmpb_muskip=\muskip16
L3 Module: l3keys 2015/11/17 v6284 L3 Key-value interfaces
\g__keyval_level_int=\count136
\l_keys_choice_int=\count137
L3 Module: l3fp 2016/03/26 v6465 L3 Floating points
\c__fp_leading_shift_int=\count138
\c__fp_middle_shift_int=\count139
\c__fp_trailing_shift_int=\count140
\c__fp_big_leading_shift_int=\count141
\c__fp_big_middle_shift_int=\count142
\c__fp_big_trailing_shift_int=\count143
\c__fp_Bigg_leading_shift_int=\count144
\c__fp_Bigg_middle_shift_int=\count145
\c__fp_Bigg_trailing_shift_int=\count146
L3 Module: l3box 2015/08/09 v5822 L3 Experimental boxes
\c_empty_box=\box41
\l_tmpa_box=\box42
\l_tmpb_box=\box43
\g_tmpa_box=\box44
\g_tmpb_box=\box45
L3 Module: l3coffins 2016/05/17 v6508 L3 Coffin code layer
\l__coffin_internal_box=\box46
\l__coffin_internal_dim=\dimen184
\l__coffin_offset_x_dim=\dimen185
\l__coffin_offset_y_dim=\dimen186
\l__coffin_x_dim=\dimen187
\l__coffin_y_dim=\dimen188
\l__coffin_x_prime_dim=\dimen189
\l__coffin_y_prime_dim=\dimen190
\c_empty_coffin=\box47
\l__coffin_aligned_coffin=\box48
\l__coffin_aligned_internal_coffin=\box49
\l_tmpa_coffin=\box50
\l_tmpb_coffin=\box51
\l__coffin_display_coffin=\box52
\l__coffin_display_coord_coffin=\box53
\l__coffin_display_pole_coffin=\box54
\l__coffin_display_offset_dim=\dimen191
\l__coffin_display_x_dim=\dimen192
\l__coffin_display_y_dim=\dimen193
L3 Module: l3color 2014/08/23 v5354 L3 Experimental color support
L3 Module: l3sys 2015/09/25 v6087 L3 Experimental system/runtime functions
L3 Module: l3candidates 2016/05/13 v6484 L3 Experimental additions to l3kernel
\l__box_top_dim=\dimen194
\l__box_bottom_dim=\dimen195
\l__box_left_dim=\dimen196
\l__box_right_dim=\dimen197
\l__box_top_new_dim=\dimen198
\l__box_bottom_new_dim=\dimen199
\l__box_left_new_dim=\dimen256
\l__box_right_new_dim=\dimen257
\l__box_internal_box=\box55
\l__coffin_bounding_shift_dim=\dimen258
\l__coffin_left_corner_dim=\dimen259
\l__coffin_right_corner_dim=\dimen260
\l__coffin_bottom_corner_dim=\dimen261
\l__coffin_top_corner_dim=\dimen262
\l__coffin_scaled_total_height_dim=\dimen263
\l__coffin_scaled_width_dim=\dimen264
L3 Module: l3luatex 2016/03/26 v6465 L3 Experimental LuaTeX-specific functions
)
(/usr/local/texlive/2016/texmf-dist/tex/latex/l3kernel/l3xdvipdfmx.def
File: l3xdvidpfmx.def 2016/03/26 v6465 L3 Experimental driver: xdvipdfmx
\l__driver_tmp_box=\box56
))
(/usr/local/texlive/2016/texmf-dist/tex/latex/l3packages/xparse/xparse.sty
Package: xparse 2016/05/18 v6512 L3 Experimental document command parser
\l__xparse_current_arg_int=\count147
\l__xparse_m_args_int=\count148
\l__xparse_mandatory_args_int=\count149
\l__xparse_processor_int=\count150
\l__xparse_v_nesting_int=\count151
)
Package: fontspec 2016/02/01 v2.5a Font selection for XeLaTeX and LuaLaTeX

(/usr/local/texlive/2016/texmf-dist/tex/latex/fontspec/fontspec-xetex.sty
Package: fontspec-xetex 2016/02/01 v2.5a Font selection for XeLaTeX and LuaLaTe
X
\l_fontspec_script_int=\count152
\l_fontspec_language_int=\count153
\l_fontspec_strnum_int=\count154
\l__fontspec_tmpa_dim=\dimen265
\l__fontspec_tmpb_dim=\dimen266
\l__fontspec_tmpc_dim=\dimen267
\g__file_internal_ior=\read2

(/usr/local/texlive/2016/texmf-dist/tex/latex/base/fontenc.sty
Package: fontenc 2005/09/27 v1.99g Standard LaTeX package

(/usr/local/texlive/2016/texmf-dist/tex/latex/euenc/eu1enc.def
File: eu1enc.def 2010/05/27 v0.1h Experimental Unicode font encodings
)
LaTeX Font Info:    Try loading font information for EU1+lmr on input line 105.


(/usr/local/texlive/2016/texmf-dist/tex/latex/euenc/eu1lmr.fd
File: eu1lmr.fd 2009/10/30 v1.6 Font defs for Latin Modern
))
(/usr/local/texlive/2016/texmf-dist/tex/xelatex/xunicode/xunicode.sty
File: xunicode.sty 2011/09/09 v0.981 provides access to latin accents and many 
other characters in Unicode lower plane

(/usr/local/texlive/2016/texmf-dist/tex/latex/tipa/t3enc.def
File: t3enc.def 2001/12/31 T3 encoding
LaTeX Font Info:    Try loading font information for EU1+lmss on input line 357
.

(/usr/local/texlive/2016/texmf-dist/tex/latex/euenc/eu1lmss.fd
File: eu1lmss.fd 2009/10/30 v1.6 Font defs for Latin Modern
))
\tipaTiiicode=\count155
\tipasavetokens=\toks35
\tipachecktokens=\toks36
)
.................................................
. LaTeX info: "xparse/define-command"
. 
. Defining command \__fontspec_post_arg:w with sig. 'mmO{}' on line 353.
.................................................
.................................................
. LaTeX info: "xparse/define-command"
. 
. Defining command \fontspec with sig. 'om' on line 355.
.................................................
.................................................
. LaTeX info: "xparse/define-command"
. 
. Defining command \setmainfont with sig. 'om' on line 365.
.................................................
.................................................
. LaTeX info: "xparse/define-command"
. 
. Defining command \setsansfont with sig. 'om' on line 375.
.................................................
.................................................
. LaTeX info: "xparse/define-command"
. 
. Defining command \setmonofont with sig. 'om' on line 385.
.................................................
.................................................
. LaTeX info: "xparse/define-command"
. 
. Defining command \setmathrm with sig. 'om' on line 399.
.................................................
.................................................
. LaTeX info: "xparse/define-command"
. 
. Defining command \setboldmathrm with sig. 'om' on line 407.
.................................................
.................................................
. LaTeX info: "xparse/define-command"
. 
. Defining command \setmathsf with sig. 'om' on line 415.
.................................................
.................................................
. LaTeX info: "xparse/define-command"
. 
. Defining command \setmathtt with sig. 'om' on line 423.
.................................................
.................................................
. LaTeX info: "xparse/define-command"
. 
. Defining command \newfontfamily with sig. 'mom' on line 437.
.................................................
.................................................
. LaTeX info: "xparse/define-command"
. 
. Defining command \newfontface with sig. 'mom' on line 453.
.................................................
.................................................
. LaTeX info: "xparse/define-command"
. 
. Defining command \defaultfontfeatures with sig. 't+om' on line 467.
.................................................
.................................................
. LaTeX info: "xparse/define-command"
. 
. Defining command \addfontfeatures with sig. 'm' on line 529.
.................................................
.................................................
. LaTeX info: "xparse/define-command"
. 
. Defining command \newfontfeature with sig. 'mm' on line 540.
.................................................
.................................................
. LaTeX info: "xparse/define-command"
. 
. Defining command \newAATfeature with sig. 'mmmm' on line 548.
.................................................
.................................................
. LaTeX info: "xparse/define-command"
. 
. Defining command \newopentypefeature with sig. 'mmm' on line 556.
.................................................
.................................................
. LaTeX info: "xparse/define-command"
. 
. Defining command \aliasfontfeature with sig. 'mm' on line 577.
.................................................
.................................................
. LaTeX info: "xparse/define-command"
. 
. Defining command \aliasfontfeatureoption with sig. 'mmm' on line 586.
.................................................
.................................................
. LaTeX info: "xparse/define-command"
. 
. Defining command \newfontscript with sig. 'mm' on line 590.
.................................................
.................................................
. LaTeX info: "xparse/define-command"
. 
. Defining command \newfontlanguage with sig. 'mm' on line 594.
.................................................
.................................................
. LaTeX info: "xparse/define-command"
. 
. Defining command \DeclareFontsExtensions with sig. 'm' on line 599.
.................................................
\l__fontspec_tmp_int=\count156

(/usr/local/texlive/2016/texmf-dist/tex/latex/fontspec/fontspec.cfg)
LaTeX Info: Redefining \itshape on input line 2705.
LaTeX Info: Redefining \slshape on input line 2710.
LaTeX Info: Redefining \scshape on input line 2715.
LaTeX Info: Redefining \upshape on input line 2720.
\l__fontspec_em_int=\count157
\l__fontspec_emdef_int=\count158
LaTeX Info: Redefining \em on input line 2736.
LaTeX Info: Redefining \emph on input line 2742.
LaTeX Info: Redefining \- on input line 2746.
.................................................
. LaTeX info: "xparse/redefine-command"
. 
. Redefining command \oldstylenums with sig. 'm' on line 2841.
.................................................
.................................................
. LaTeX info: "xparse/define-command"
. 
. Defining command \liningnums with sig. 'm' on line 2845.
.................................................
))
(/usr/local/texlive/2016/texmf-dist/tex/latex/libertine/libertine.sty
Package: libertine 2014/11/25 (Bob Tennent) Supports Libertine and Biolinum fon
ts for all LaTeX engines.

(/usr/local/texlive/2016/texmf-dist/tex/generic/oberdiek/ifluatex.sty
Package: ifluatex 2016/05/16 v1.4 Provides the ifluatex switch (HO)
Package ifluatex Info: LuaTeX not detected.
)
(/usr/local/texlive/2016/texmf-dist/tex/latex/base/textcomp.sty
Package: textcomp 2005/09/27 v1.99g Standard LaTeX package
Package textcomp Info: Sub-encoding information:
(textcomp)               5 = only ISO-Adobe without \textcurrency
(textcomp)               4 = 5 + \texteuro
(textcomp)               3 = 4 + \textohm
(textcomp)               2 = 3 + \textestimated + \textcurrency
(textcomp)               1 = TS1 - \textcircled - \t
(textcomp)               0 = TS1 (full)
(textcomp)             Font families with sub-encoding setting implement
(textcomp)             only a restricted character set as indicated.
(textcomp)             Family '?' is the default used for unknown fonts.
(textcomp)             See the documentation for details.
Package textcomp Info: Setting ? sub-encoding to TS1/1 on input line 79.

(/usr/local/texlive/2016/texmf-dist/tex/latex/base/ts1enc.def
File: ts1enc.def 2001/06/05 v3.0e (jk/car/fm) Standard LaTeX file
)
LaTeX Info: Redefining \oldstylenums on input line 334.
Package textcomp Info: Setting cmr sub-encoding to TS1/0 on input line 349.
Package textcomp Info: Setting cmss sub-encoding to TS1/0 on input line 350.
Package textcomp Info: Setting cmtt sub-encoding to TS1/0 on input line 351.
Package textcomp Info: Setting cmvtt sub-encoding to TS1/0 on input line 352.
Package textcomp Info: Setting cmbr sub-encoding to TS1/0 on input line 353.
Package textcomp Info: Setting cmtl sub-encoding to TS1/0 on input line 354.
Package textcomp Info: Setting ccr sub-encoding to TS1/0 on input line 355.
Package textcomp Info: Setting ptm sub-encoding to TS1/4 on input line 356.
Package textcomp Info: Setting pcr sub-encoding to TS1/4 on input line 357.
Package textcomp Info: Setting phv sub-encoding to TS1/4 on input line 358.
Package textcomp Info: Setting ppl sub-encoding to TS1/3 on input line 359.
Package textcomp Info: Setting pag sub-encoding to TS1/4 on input line 360.
Package textcomp Info: Setting pbk sub-encoding to TS1/4 on input line 361.
Package textcomp Info: Setting pnc sub-encoding to TS1/4 on input line 362.
Package textcomp Info: Setting pzc sub-encoding to TS1/4 on input line 363.
Package textcomp Info: Setting bch sub-encoding to TS1/4 on input line 364.
Package textcomp Info: Setting put sub-encoding to TS1/5 on input line 365.
Package textcomp Info: Setting uag sub-encoding to TS1/5 on input line 366.
Package textcomp Info: Setting ugq sub-encoding to TS1/5 on input line 367.
Package textcomp Info: Setting ul8 sub-encoding to TS1/4 on input line 368.
Package textcomp Info: Setting ul9 sub-encoding to TS1/4 on input line 369.
Package textcomp Info: Setting augie sub-encoding to TS1/5 on input line 370.
Package textcomp Info: Setting dayrom sub-encoding to TS1/3 on input line 371.
Package textcomp Info: Setting dayroms sub-encoding to TS1/3 on input line 372.

Package textcomp Info: Setting pxr sub-encoding to TS1/0 on input line 373.
Package textcomp Info: Setting pxss sub-encoding to TS1/0 on input line 374.
Package textcomp Info: Setting pxtt sub-encoding to TS1/0 on input line 375.
Package textcomp Info: Setting txr sub-encoding to TS1/0 on input line 376.
Package textcomp Info: Setting txss sub-encoding to TS1/0 on input line 377.
Package textcomp Info: Setting txtt sub-encoding to TS1/0 on input line 378.
Package textcomp Info: Setting lmr sub-encoding to TS1/0 on input line 379.
Package textcomp Info: Setting lmdh sub-encoding to TS1/0 on input line 380.
Package textcomp Info: Setting lmss sub-encoding to TS1/0 on input line 381.
Package textcomp Info: Setting lmssq sub-encoding to TS1/0 on input line 382.
Package textcomp Info: Setting lmvtt sub-encoding to TS1/0 on input line 383.
Package textcomp Info: Setting lmtt sub-encoding to TS1/0 on input line 384.
Package textcomp Info: Setting qhv sub-encoding to TS1/0 on input line 385.
Package textcomp Info: Setting qag sub-encoding to TS1/0 on input line 386.
Package textcomp Info: Setting qbk sub-encoding to TS1/0 on input line 387.
Package textcomp Info: Setting qcr sub-encoding to TS1/0 on input line 388.
Package textcomp Info: Setting qcs sub-encoding to TS1/0 on input line 389.
Package textcomp Info: Setting qpl sub-encoding to TS1/0 on input line 390.
Package textcomp Info: Setting qtm sub-encoding to TS1/0 on input line 391.
Package textcomp Info: Setting qzc sub-encoding to TS1/0 on input line 392.
Package textcomp Info: Setting qhvc sub-encoding to TS1/0 on input line 393.
Package textcomp Info: Setting futs sub-encoding to TS1/4 on input line 394.
Package textcomp Info: Setting futx sub-encoding to TS1/4 on input line 395.
Package textcomp Info: Setting futj sub-encoding to TS1/4 on input line 396.
Package textcomp Info: Setting hlh sub-encoding to TS1/3 on input line 397.
Package textcomp Info: Setting hls sub-encoding to TS1/3 on input line 398.
Package textcomp Info: Setting hlst sub-encoding to TS1/3 on input line 399.
Package textcomp Info: Setting hlct sub-encoding to TS1/5 on input line 400.
Package textcomp Info: Setting hlx sub-encoding to TS1/5 on input line 401.
Package textcomp Info: Setting hlce sub-encoding to TS1/5 on input line 402.
Package textcomp Info: Setting hlcn sub-encoding to TS1/5 on input line 403.
Package textcomp Info: Setting hlcw sub-encoding to TS1/5 on input line 404.
Package textcomp Info: Setting hlcf sub-encoding to TS1/5 on input line 405.
Package textcomp Info: Setting pplx sub-encoding to TS1/3 on input line 406.
Package textcomp Info: Setting pplj sub-encoding to TS1/3 on input line 407.
Package textcomp Info: Setting ptmx sub-encoding to TS1/4 on input line 408.
Package textcomp Info: Setting ptmj sub-encoding to TS1/4 on input line 409.
)
Requested font "[LinLibertine_R.otf]/OT" at 12.0pt
 -> /usr/local/texlive/2016/texmf-dist/fonts/opentype/public/libertine/LinLiber
tine_R.otf
\g__fontspec_family_LinLibertine_int=\count159
Requested font "[LinLibertine_RB.otf]/OT" at 12.0pt
 -> /usr/local/texlive/2016/texmf-dist/fonts/opentype/public/libertine/LinLiber
tine_RB.otf
Requested font "[LinLibertine_RI.otf]/OT" at 12.0pt
 -> /usr/local/texlive/2016/texmf-dist/fonts/opentype/public/libertine/LinLiber
tine_RI.otf
Requested font "[LinLibertine_RBI.otf]/OT" at 12.0pt
 -> /usr/local/texlive/2016/texmf-dist/fonts/opentype/public/libertine/LinLiber
tine_RBI.otf
.................................................
. fontspec info: "defining-font"
. 
. Font family 'LinLibertine(0)' created for font 'LinLibertine' with options
. [Ligatures = TeX,Extension =
. .otf,SmallCapsFeatures={Letters=SmallCaps},Ligatures=TeX,Numbers =
. {Monospaced,Lining},UprightFont = *_R,ItalicFont = *_RI,BoldFont =
. *_RB,BoldItalicFont = *_RBI].
. 
. This font family consists of the following NFSS series/shapes:
. - 'normal' (m/n) with NFSS spec.:
. <->"[LinLibertine_R.otf]/OT:script=latn;language=DFLT;mapping=tex-text;mappin
g=tex-text;+tnum;+lnum;"
. - 'small caps'  (m/sc) with NFSS spec.:
. <->"[LinLibertine_R.otf]/OT:script=latn;language=DFLT;mapping=tex-text;mappin
g=tex-text;+tnum;+lnum;+smcp;+smcp;"-
. 'bold' (bx/n) with NFSS spec.:
. <->"[LinLibertine_RB.otf]/OT:script=latn;language=DFLT;mapping=tex-text;mappi
ng=tex-text;+tnum;+lnum;"
. - 'bold small caps'  (bx/sc) with NFSS spec.:
. <->"[LinLibertine_RB.otf]/OT:script=latn;language=DFLT;mapping=tex-text;mappi
ng=tex-text;+tnum;+lnum;+smcp;+smcp;"-
. 'italic' (m/it) with NFSS spec.:
. <->"[LinLibertine_RI.otf]/OT:script=latn;language=DFLT;mapping=tex-text;mappi
ng=tex-text;+tnum;+lnum;"
. - 'italic small caps'  (m/itsc) with NFSS spec.:
. <->"[LinLibertine_RI.otf]/OT:script=latn;language=DFLT;mapping=tex-text;mappi
ng=tex-text;+tnum;+lnum;+smcp;+smcp;"-
. 'bold italic' (bx/it) with NFSS spec.:
. <->"[LinLibertine_RBI.otf]/OT:script=latn;language=DFLT;mapping=tex-text;mapp
ing=tex-text;+tnum;+lnum;"
. - 'bold italic small caps'  (bx/itsc) with NFSS spec.:
. <->"[LinLibertine_RBI.otf]/OT:script=latn;language=DFLT;mapping=tex-text;mapp
ing=tex-text;+tnum;+lnum;+smcp;+smcp;"
.................................................
Requested font "[LinLibertine_R.otf]/OT:script=latn;language=DFLT;mapping=tex-t
ext;mapping=tex-text;+tnum;+lnum;" at 12.0pt
 -> /usr/local/texlive/2016/texmf-dist/fonts/opentype/public/libertine/LinLiber
tine_R.otf
Requested font "[LinBiolinum_R.otf]/OT" at 12.0pt
 -> /usr/local/texlive/2016/texmf-dist/fonts/opentype/public/libertine/LinBioli
num_R.otf
\g__fontspec_family_LinBiolinum_int=\count160
Requested font "[LinBiolinum_RB.otf]/OT" at 12.0pt
 -> /usr/local/texlive/2016/texmf-dist/fonts/opentype/public/libertine/LinBioli
num_RB.otf
Requested font "[LinBiolinum_RI.otf]/OT" at 12.0pt
 -> /usr/local/texlive/2016/texmf-dist/fonts/opentype/public/libertine/LinBioli
num_RI.otf
Requested font "[LinBiolinum_RBO.otf]/OT" at 12.0pt
 -> /usr/local/texlive/2016/texmf-dist/fonts/opentype/public/libertine/LinBioli
num_RBO.otf
.................................................
. fontspec info: "defining-font"
. 
. Font family 'LinBiolinum(0)' created for font 'LinBiolinum' with options
. [Ligatures = TeX,Extension =
. .otf,SmallCapsFeatures={Letters=SmallCaps},Ligatures=TeX,Numbers =
. {Monospaced, },Scale = 1,UprightFont = *_R,ItalicFont = *_RI,BoldFont =
. *_RB,BoldItalicFont = *_RBO].
. 
. This font family consists of the following NFSS series/shapes:
. - 'normal' (m/n) with NFSS spec.:
. <->s*[1]"[LinBiolinum_R.otf]/OT:script=latn;language=DFLT;mapping=tex-text;ma
pping=tex-text;+tnum;"
. - 'small caps'  (m/sc) with NFSS spec.:
. <->s*[1]"[LinBiolinum_R.otf]/OT:script=latn;language=DFLT;mapping=tex-text;ma
pping=tex-text;+tnum;+smcp;+smcp;"-
. 'bold' (bx/n) with NFSS spec.:
. <->s*[1]"[LinBiolinum_RB.otf]/OT:script=latn;language=DFLT;mapping=tex-text;m
apping=tex-text;+tnum;"
. - 'bold small caps'  (bx/sc) with NFSS spec.:
. <->s*[1]"[LinBiolinum_RB.otf]/OT:script=latn;language=DFLT;mapping=tex-text;m
apping=tex-text;+tnum;+smcp;+smcp;"-
. 'italic' (m/it) with NFSS spec.:
. <->s*[1]"[LinBiolinum_RI.otf]/OT:script=latn;language=DFLT;mapping=tex-text;m
apping=tex-text;+tnum;"
. - 'italic small caps'  (m/itsc) with NFSS spec.:
. <->s*[1]"[LinBiolinum_RI.otf]/OT:script=latn;language=DFLT;mapping=tex-text;m
apping=tex-text;+tnum;+smcp;+smcp;"-
. 'bold italic' (bx/it) with NFSS spec.:
. <->s*[1]"[LinBiolinum_RBO.otf]/OT:script=latn;language=DFLT;mapping=tex-text;
mapping=tex-text;+tnum;"
. - 'bold italic small caps'  (bx/itsc) with NFSS spec.:
. <->s*[1]"[LinBiolinum_RBO.otf]/OT:script=latn;language=DFLT;mapping=tex-text;
mapping=tex-text;+tnum;+smcp;+smcp;"
.................................................
.................................................
. fontspec info: "defining-font"
. 
. Font family 'LinLibertine(1)' created for font 'LinLibertine' with options
. [Ligatures = TeX,Extension =
. .otf,SmallCapsFeatures={Letters=SmallCaps},Numbers =
. {Monospaced,Lining},UprightFont = *_R,ItalicFont = *_RI,BoldFont =
. *_RB,BoldItalicFont = *_RBI].
. 
. This font family consists of the following NFSS series/shapes:
. - 'normal' (m/n) with NFSS spec.:
. <->"[LinLibertine_R.otf]/OT:script=latn;language=DFLT;mapping=tex-text;+tnum;
+lnum;"
. - 'small caps'  (m/sc) with NFSS spec.:
. <->"[LinLibertine_R.otf]/OT:script=latn;language=DFLT;mapping=tex-text;+tnum;
+lnum;+smcp;+smcp;"-
. 'bold' (bx/n) with NFSS spec.:
. <->"[LinLibertine_RB.otf]/OT:script=latn;language=DFLT;mapping=tex-text;+tnum
;+lnum;"
. - 'bold small caps'  (bx/sc) with NFSS spec.:
. <->"[LinLibertine_RB.otf]/OT:script=latn;language=DFLT;mapping=tex-text;+tnum
;+lnum;+smcp;+smcp;"-
. 'italic' (m/it) with NFSS spec.:
. <->"[LinLibertine_RI.otf]/OT:script=latn;language=DFLT;mapping=tex-text;+tnum
;+lnum;"
. - 'italic small caps'  (m/itsc) with NFSS spec.:
. <->"[LinLibertine_RI.otf]/OT:script=latn;language=DFLT;mapping=tex-text;+tnum
;+lnum;+smcp;+smcp;"-
. 'bold italic' (bx/it) with NFSS spec.:
. <->"[LinLibertine_RBI.otf]/OT:script=latn;language=DFLT;mapping=tex-text;+tnu
m;+lnum;"
. - 'bold italic small caps'  (bx/itsc) with NFSS spec.:
. <->"[LinLibertine_RBI.otf]/OT:script=latn;language=DFLT;mapping=tex-text;+tnu
m;+lnum;+smcp;+smcp;"
.................................................
Requested font "[LinLibertine_RZ.otf]/OT" at 12.0pt
 -> /usr/local/texlive/2016/texmf-dist/fonts/opentype/public/libertine/LinLiber
tine_RZ.otf
Requested font "[LinLibertine_RZI.otf]/OT" at 12.0pt
 -> /usr/local/texlive/2016/texmf-dist/fonts/opentype/public/libertine/LinLiber
tine_RZI.otf

*************************************************
* fontspec warning: "icu-feature-not-exist-in-font"
* 
* OpenType feature 'Numbers=Monospaced,Lining' (+tnum) not available for font
* 'LinLibertine_RZI' with script 'Latin' and language 'Default'.
*************************************************
*************************************************
* fontspec warning: "icu-feature-not-exist-in-font"
* 
* OpenType feature 'Numbers=Monospaced,Lining' (+tnum) not available for font
* 'LinLibertine_RZI' with script 'Latin' and language 'Default'.
*************************************************
.................................................
. fontspec info: "defining-font"
. 
. Font family 'LinLibertine(2)' created for font 'LinLibertine' with options
. [Ligatures = TeX,Extension =
. .otf,SmallCapsFeatures={Letters=SmallCaps},Numbers =
. {Monospaced,Lining},UprightFont = *_RZ,ItalicFont = *_RZI,BoldFont =
. *_RB,BoldItalicFont = *_RBI].
. 
. This font family consists of the following NFSS series/shapes:
. - 'normal' (m/n) with NFSS spec.:
. <->"[LinLibertine_RZ.otf]/OT:script=latn;language=DFLT;mapping=tex-text;+tnum
;+lnum;"
. - 'small caps'  (m/sc) with NFSS spec.:
. <->"[LinLibertine_RZ.otf]/OT:script=latn;language=DFLT;mapping=tex-text;+tnum
;+lnum;+smcp;+smcp;"-
. 'bold' (bx/n) with NFSS spec.:
. <->"[LinLibertine_RB.otf]/OT:script=latn;language=DFLT;mapping=tex-text;+tnum
;+lnum;"
. - 'bold small caps'  (bx/sc) with NFSS spec.:
. <->"[LinLibertine_RB.otf]/OT:script=latn;language=DFLT;mapping=tex-text;+tnum
;+lnum;+smcp;+smcp;"-
. 'italic' (m/it) with NFSS spec.:
. <->"[LinLibertine_RZI.otf]/OT:script=latn;language=DFLT;mapping=tex-text;+lnu
m;"
. - 'italic small caps'  (m/itsc) with NFSS spec.:
. <->"[LinLibertine_RZI.otf]/OT:script=latn;language=DFLT;mapping=tex-text;+lnu
m;+smcp;+smcp;"-
. 'bold italic' (bx/it) with NFSS spec.:
. <->"[LinLibertine_RBI.otf]/OT:script=latn;language=DFLT;mapping=tex-text;+tnu
m;+lnum;"
. - 'bold italic small caps'  (bx/itsc) with NFSS spec.:
. <->"[LinLibertine_RBI.otf]/OT:script=latn;language=DFLT;mapping=tex-text;+tnu
m;+lnum;+smcp;+smcp;"
.................................................
.................................................
. fontspec info: "defining-font"
. 
. Font family 'LinLibertine(3)' created for font 'LinLibertine' with options
. [Ligatures = TeX,Extension =
. .otf,SmallCapsFeatures={Letters=SmallCaps},Numbers =
. {Monospaced,OldStyle},UprightFont = *_R,ItalicFont = *_RI,BoldFont =
. *_RB,BoldItalicFont = *_RBI].
. 
. This font family consists of the following NFSS series/shapes:
. - 'normal' (m/n) with NFSS spec.:
. <->"[LinLibertine_R.otf]/OT:script=latn;language=DFLT;mapping=tex-text;+tnum;
+onum;"
. - 'small caps'  (m/sc) with NFSS spec.:
. <->"[LinLibertine_R.otf]/OT:script=latn;language=DFLT;mapping=tex-text;+tnum;
+onum;+smcp;+smcp;"-
. 'bold' (bx/n) with NFSS spec.:
. <->"[LinLibertine_RB.otf]/OT:script=latn;language=DFLT;mapping=tex-text;+tnum
;+onum;"
. - 'bold small caps'  (bx/sc) with NFSS spec.:
. <->"[LinLibertine_RB.otf]/OT:script=latn;language=DFLT;mapping=tex-text;+tnum
;+onum;+smcp;+smcp;"-
. 'italic' (m/it) with NFSS spec.:
. <->"[LinLibertine_RI.otf]/OT:script=latn;language=DFLT;mapping=tex-text;+tnum
;+onum;"
. - 'italic small caps'  (m/itsc) with NFSS spec.:
. <->"[LinLibertine_RI.otf]/OT:script=latn;language=DFLT;mapping=tex-text;+tnum
;+onum;+smcp;+smcp;"-
. 'bold italic' (bx/it) with NFSS spec.:
. <->"[LinLibertine_RBI.otf]/OT:script=latn;language=DFLT;mapping=tex-text;+tnu
m;+onum;"
. - 'bold italic small caps'  (bx/itsc) with NFSS spec.:
. <->"[LinLibertine_RBI.otf]/OT:script=latn;language=DFLT;mapping=tex-text;+tnu
m;+onum;+smcp;+smcp;"
.................................................
Requested font "[LinLibertine_DR.otf]/OT" at 12.0pt
 -> /usr/local/texlive/2016/texmf-dist/fonts/opentype/public/libertine/LinLiber
tine_DR.otf
.................................................
. fontspec info: "defining-font"
. 
. Font family 'LinLibertine(4)' created for font 'LinLibertine' with options
. [Ligatures = TeX,Extension =
. .otf,SmallCapsFeatures={Letters=SmallCaps},Numbers =
. {Monospaced,Lining},UprightFont = *_DR,ItalicFont = *_RI,BoldFont =
. *_RB,BoldItalicFont = *_RBI].
. 
. This font family consists of the following NFSS series/shapes:
. - 'normal' (m/n) with NFSS spec.:
. <->"[LinLibertine_DR.otf]/OT:script=latn;language=DFLT;mapping=tex-text;+tnum
;+lnum;"
. - 'small caps'  (m/sc) with NFSS spec.: - 'bold' (bx/n) with NFSS spec.:
. <->"[LinLibertine_RB.otf]/OT:script=latn;language=DFLT;mapping=tex-text;+tnum
;+lnum;"
. - 'bold small caps'  (bx/sc) with NFSS spec.:
. <->"[LinLibertine_RB.otf]/OT:script=latn;language=DFLT;mapping=tex-text;+tnum
;+lnum;+smcp;+smcp;"-
. 'italic' (m/it) with NFSS spec.:
. <->"[LinLibertine_RI.otf]/OT:script=latn;language=DFLT;mapping=tex-text;+tnum
;+lnum;"
. - 'italic small caps'  (m/itsc) with NFSS spec.:
. <->"[LinLibertine_RI.otf]/OT:script=latn;language=DFLT;mapping=tex-text;+tnum
;+lnum;+smcp;+smcp;"-
. 'bold italic' (bx/it) with NFSS spec.:
. <->"[LinLibertine_RBI.otf]/OT:script=latn;language=DFLT;mapping=tex-text;+tnu
m;+lnum;"
. - 'bold italic small caps'  (bx/itsc) with NFSS spec.:
. <->"[LinLibertine_RBI.otf]/OT:script=latn;language=DFLT;mapping=tex-text;+tnu
m;+lnum;+smcp;+smcp;"
.................................................
.................................................
. fontspec info: "defining-font"
. 
. Font family 'LinBiolinum(1)' created for font 'LinBiolinum' with options
. [Ligatures = TeX,Extension =
. .otf,SmallCapsFeatures={Letters=SmallCaps},Numbers = {Monospaced, },Scale =
. 1,UprightFont = *_R,ItalicFont = *_RI,BoldFont = *_RB,BoldItalicFont =
. *_RBO].
. 
. This font family consists of the following NFSS series/shapes:
. - 'normal' (m/n) with NFSS spec.:
. <->s*[1]"[LinBiolinum_R.otf]/OT:script=latn;language=DFLT;mapping=tex-text;+t
num;"
. - 'small caps'  (m/sc) with NFSS spec.:
. <->s*[1]"[LinBiolinum_R.otf]/OT:script=latn;language=DFLT;mapping=tex-text;+t
num;+smcp;+smcp;"-
. 'bold' (bx/n) with NFSS spec.:
. <->s*[1]"[LinBiolinum_RB.otf]/OT:script=latn;language=DFLT;mapping=tex-text;+
tnum;"
. - 'bold small caps'  (bx/sc) with NFSS spec.:
. <->s*[1]"[LinBiolinum_RB.otf]/OT:script=latn;language=DFLT;mapping=tex-text;+
tnum;+smcp;+smcp;"-
. 'italic' (m/it) with NFSS spec.:
. <->s*[1]"[LinBiolinum_RI.otf]/OT:script=latn;language=DFLT;mapping=tex-text;+
tnum;"
. - 'italic small caps'  (m/itsc) with NFSS spec.:
. <->s*[1]"[LinBiolinum_RI.otf]/OT:script=latn;language=DFLT;mapping=tex-text;+
tnum;+smcp;+smcp;"-
. 'bold italic' (bx/it) with NFSS spec.:
. <->s*[1]"[LinBiolinum_RBO.otf]/OT:script=latn;language=DFLT;mapping=tex-text;
+tnum;"
. - 'bold italic small caps'  (bx/itsc) with NFSS spec.:
. <->s*[1]"[LinBiolinum_RBO.otf]/OT:script=latn;language=DFLT;mapping=tex-text;
+tnum;+smcp;+smcp;"
.................................................
.................................................
. fontspec info: "defining-font"
. 
. Font family 'LinBiolinum(2)' created for font 'LinBiolinum' with options
. [Ligatures = TeX,Extension =
. .otf,SmallCapsFeatures={Letters=SmallCaps},Numbers = {Monospaced,
. OldStyle},Scale = 1,UprightFont = *_R,ItalicFont = *_RI,BoldFont =
. *_RB,BoldItalicFont = *_RBO].
. 
. This font family consists of the following NFSS series/shapes:
. - 'normal' (m/n) with NFSS spec.:
. <->s*[1]"[LinBiolinum_R.otf]/OT:script=latn;language=DFLT;mapping=tex-text;+t
num;+onum;"
. - 'small caps'  (m/sc) with NFSS spec.:
. <->s*[1]"[LinBiolinum_R.otf]/OT:script=latn;language=DFLT;mapping=tex-text;+t
num;+onum;+smcp;+smcp;"-
. 'bold' (bx/n) with NFSS spec.:
. <->s*[1]"[LinBiolinum_RB.otf]/OT:script=latn;language=DFLT;mapping=tex-text;+
tnum;+onum;"
. - 'bold small caps'  (bx/sc) with NFSS spec.:
. <->s*[1]"[LinBiolinum_RB.otf]/OT:script=latn;language=DFLT;mapping=tex-text;+
tnum;+onum;+smcp;+smcp;"-
. 'italic' (m/it) with NFSS spec.:
. <->s*[1]"[LinBiolinum_RI.otf]/OT:script=latn;language=DFLT;mapping=tex-text;+
tnum;+onum;"
. - 'italic small caps'  (m/itsc) with NFSS spec.:
. <->s*[1]"[LinBiolinum_RI.otf]/OT:script=latn;language=DFLT;mapping=tex-text;+
tnum;+onum;+smcp;+smcp;"-
. 'bold italic' (bx/it) with NFSS spec.:
. <->s*[1]"[LinBiolinum_RBO.otf]/OT:script=latn;language=DFLT;mapping=tex-text;
+tnum;+onum;"
. - 'bold italic small caps'  (bx/itsc) with NFSS spec.:
. <->s*[1]"[LinBiolinum_RBO.otf]/OT:script=latn;language=DFLT;mapping=tex-text;
+tnum;+onum;+smcp;+smcp;"
.................................................
.................................................
. fontspec info: "defining-font"
. 
. Font family 'LinBiolinum(3)' created for font 'LinBiolinum' with options
. [Ligatures = TeX,Extension =
. .otf,SmallCapsFeatures={Letters=SmallCaps},Numbers = {Monospaced},Scale =
. 1,UprightFont = *_R,ItalicFont = *_RI,BoldFont = *_RB,BoldItalicFont =
. *_RBO].
. 
. This font family consists of the following NFSS series/shapes:
. - 'normal' (m/n) with NFSS spec.:
. <->s*[1]"[LinBiolinum_R.otf]/OT:script=latn;language=DFLT;mapping=tex-text;+t
num;"
. - 'small caps'  (m/sc) with NFSS spec.:
. <->s*[1]"[LinBiolinum_R.otf]/OT:script=latn;language=DFLT;mapping=tex-text;+t
num;+smcp;+smcp;"-
. 'bold' (bx/n) with NFSS spec.:
. <->s*[1]"[LinBiolinum_RB.otf]/OT:script=latn;language=DFLT;mapping=tex-text;+
tnum;"
. - 'bold small caps'  (bx/sc) with NFSS spec.:
. <->s*[1]"[LinBiolinum_RB.otf]/OT:script=latn;language=DFLT;mapping=tex-text;+
tnum;+smcp;+smcp;"-
. 'italic' (m/it) with NFSS spec.:
. <->s*[1]"[LinBiolinum_RI.otf]/OT:script=latn;language=DFLT;mapping=tex-text;+
tnum;"
. - 'italic small caps'  (m/itsc) with NFSS spec.:
. <->s*[1]"[LinBiolinum_RI.otf]/OT:script=latn;language=DFLT;mapping=tex-text;+
tnum;+smcp;+smcp;"-
. 'bold italic' (bx/it) with NFSS spec.:
. <->s*[1]"[LinBiolinum_RBO.otf]/OT:script=latn;language=DFLT;mapping=tex-text;
+tnum;"
. - 'bold italic small caps'  (bx/itsc) with NFSS spec.:
. <->s*[1]"[LinBiolinum_RBO.otf]/OT:script=latn;language=DFLT;mapping=tex-text;
+tnum;+smcp;+smcp;"
.................................................
Requested font "[LinLibertine_M.otf]/OT" at 12.0pt
 -> /usr/local/texlive/2016/texmf-dist/fonts/opentype/public/libertine/LinLiber
tine_M.otf
Requested font "[LinLibertine_MB.otf]/OT" at 12.0pt
 -> /usr/local/texlive/2016/texmf-dist/fonts/opentype/public/libertine/LinLiber
tine_MB.otf
Requested font "[LinLibertine_MO.otf]/OT" at 12.0pt
 -> /usr/local/texlive/2016/texmf-dist/fonts/opentype/public/libertine/LinLiber
tine_MO.otf
Requested font "[LinLibertine_MBO.otf]/OT" at 12.0pt
 -> /usr/local/texlive/2016/texmf-dist/fonts/opentype/public/libertine/LinLiber
tine_MBO.otf
.................................................
. fontspec info: "defining-font"
. 
. Font family 'LinLibertine(5)' created for font 'LinLibertine' with options
. [Extension = .otf,WordSpace={1,0,0},PunctuationSpace=WordSpace,Scale =
. 1,UprightFont = *_M,ItalicFont = *_MO,BoldFont = *_MB,BoldItalicFont =
. *_MBO].
. 
. This font family consists of the following NFSS series/shapes:
. - 'normal' (m/n) with NFSS spec.:
. <->s*[1]"[LinLibertine_M.otf]/OT:script=latn;language=DFLT;"
. - 'small caps'  (m/sc) with NFSS spec.: 
. and font adjustment code:
. \fontdimen 2\font =1\fontdimen 2\font \fontdimen 3\font =0\fontdimen 3\font
. \fontdimen 4\font =0\fontdimen 4\font \fontdimen 7\font =0\fontdimen 2\font
. - 'bold' (bx/n) with NFSS spec.:
. <->s*[1]"[LinLibertine_MB.otf]/OT:script=latn;language=DFLT;"
. - 'bold small caps'  (bx/sc) with NFSS spec.: 
. and font adjustment code:
. \fontdimen 2\font =1\fontdimen 2\font \fontdimen 3\font =0\fontdimen 3\font
. \fontdimen 4\font =0\fontdimen 4\font \fontdimen 7\font =0\fontdimen 2\font
. - 'italic' (m/it) with NFSS spec.:
. <->s*[1]"[LinLibertine_MO.otf]/OT:script=latn;language=DFLT;"
. - 'italic small caps'  (m/itsc) with NFSS spec.: 
. and font adjustment code:
. \fontdimen 2\font =1\fontdimen 2\font \fontdimen 3\font =0\fontdimen 3\font
. \fontdimen 4\font =0\fontdimen 4\font \fontdimen 7\font =0\fontdimen 2\font
. - 'bold italic' (bx/it) with NFSS spec.:
. <->s*[1]"[LinLibertine_MBO.otf]/OT:script=latn;language=DFLT;"
. - 'bold italic small caps'  (bx/itsc) with NFSS spec.: 
. and font adjustment code:
. \fontdimen 2\font =1\fontdimen 2\font \fontdimen 3\font =0\fontdimen 3\font
. \fontdimen 4\font =0\fontdimen 4\font \fontdimen 7\font =0\fontdimen 2\font 
.................................................
.................................................
. fontspec info: "defining-font"
. 
. Font family 'LinLibertine(6)' created for font 'LinLibertine' with options
. [Extension = .otf,Scale = 1,UprightFont = *_M,ItalicFont = *_MO,BoldFont =
. *_MB,BoldItalicFont = *_MBO].
. 
. This font family consists of the following NFSS series/shapes:
. - 'normal' (m/n) with NFSS spec.:
. <->s*[1]"[LinLibertine_M.otf]/OT:script=latn;language=DFLT;"
. - 'small caps'  (m/sc) with NFSS spec.: - 'bold' (bx/n) with NFSS spec.:
. <->s*[1]"[LinLibertine_MB.otf]/OT:script=latn;language=DFLT;"
. - 'bold small caps'  (bx/sc) with NFSS spec.: - 'italic' (m/it) with NFSS
. spec.: <->s*[1]"[LinLibertine_MO.otf]/OT:script=latn;language=DFLT;"
. - 'italic small caps'  (m/itsc) with NFSS spec.: - 'bold italic' (bx/it)
. with NFSS spec.:
. <->s*[1]"[LinLibertine_MBO.otf]/OT:script=latn;language=DFLT;"
. - 'bold italic small caps'  (bx/itsc) with NFSS spec.: 
.................................................
Requested font "[LinBiolinum_K.otf]/OT" at 12.0pt
 -> /usr/local/texlive/2016/texmf-dist/fonts/opentype/public/libertine/LinBioli
num_K.otf
\g__fontspec_family_LinBiolinum_K_int=\count161
.................................................
. fontspec info: "defining-font"
. 
. Font family 'LinBiolinum_K(0)' created for font 'LinBiolinum_K' with options
. [Extension = .otf,BoldFont={},ItalicFont={},SmallCapsFont={}].
. 
. This font family consists of the following NFSS series/shapes:
. - 'normal' (m/n) with NFSS spec.:
. <->"[LinBiolinum_K.otf]/OT:script=latn;language=DFLT;"
. - 'small caps'  (m/sc) with NFSS spec.: 
.................................................
Requested font "[LinLibertine_I.otf]/OT" at 12.0pt
 -> /usr/local/texlive/2016/texmf-dist/fonts/opentype/public/libertine/LinLiber
tine_I.otf
\g__fontspec_family_LinLibertine_I_int=\count162
.................................................
. fontspec info: "defining-font"
. 
. Font family 'LinLibertine_I(0)' created for font 'LinLibertine_I' with
. options [Extension = .otf,BoldFont={},ItalicFont={},SmallCapsFont={}].
. 
. This font family consists of the following NFSS series/shapes:
. - 'normal' (m/n) with NFSS spec.:
. <->"[LinLibertine_I.otf]/OT:script=latn;language=DFLT;"
. - 'small caps'  (m/sc) with NFSS spec.: 
.................................................
LaTeX Info: Redefining \oldstylenums on input line 458.
LaTeX Info: Redefining \liningnums on input line 459.
.................................................
. fontspec info: "defining-font"
. 
. Font family 'LinLibertine(7)' created for font 'LinLibertine' with options
. [Extension = .otf,Numbers = {Monospaced,Lining},UprightFont = *_R,ItalicFont
. = *_RI,BoldFont = *_RB,BoldItalicFont = *_RBI].
. 
. This font family consists of the following NFSS series/shapes:
. - 'normal' (m/n) with NFSS spec.:
. <->"[LinLibertine_R.otf]/OT:script=latn;language=DFLT;+tnum;+lnum;"
. - 'small caps'  (m/sc) with NFSS spec.:
. <->"[LinLibertine_R.otf]/OT:script=latn;language=DFLT;+tnum;+lnum;+smcp;"-
. 'bold' (bx/n) with NFSS spec.:
. <->"[LinLibertine_RB.otf]/OT:script=latn;language=DFLT;+tnum;+lnum;"
. - 'bold small caps'  (bx/sc) with NFSS spec.:
. <->"[LinLibertine_RB.otf]/OT:script=latn;language=DFLT;+tnum;+lnum;+smcp;"-
. 'italic' (m/it) with NFSS spec.:
. <->"[LinLibertine_RI.otf]/OT:script=latn;language=DFLT;+tnum;+lnum;"
. - 'italic small caps'  (m/itsc) with NFSS spec.:
. <->"[LinLibertine_RI.otf]/OT:script=latn;language=DFLT;+tnum;+lnum;+smcp;"-
. 'bold italic' (bx/it) with NFSS spec.:
. <->"[LinLibertine_RBI.otf]/OT:script=latn;language=DFLT;+tnum;+lnum;"
. - 'bold italic small caps'  (bx/itsc) with NFSS spec.:
. <->"[LinLibertine_RBI.otf]/OT:script=latn;language=DFLT;+tnum;+lnum;+smcp;"
.................................................
.................................................
. fontspec info: "defining-font"
. 
. Font family 'LinLibertine(8)' created for font 'LinLibertine' with options
. [Extension = .otf,Numbers = {Proportional,Lining},UprightFont =
. *_R,ItalicFont = *_RI,BoldFont = *_RB,BoldItalicFont = *_RBI].
. 
. This font family consists of the following NFSS series/shapes:
. - 'normal' (m/n) with NFSS spec.:
. <->"[LinLibertine_R.otf]/OT:script=latn;language=DFLT;+pnum;+lnum;"
. - 'small caps'  (m/sc) with NFSS spec.:
. <->"[LinLibertine_R.otf]/OT:script=latn;language=DFLT;+pnum;+lnum;+smcp;"-
. 'bold' (bx/n) with NFSS spec.:
. <->"[LinLibertine_RB.otf]/OT:script=latn;language=DFLT;+pnum;+lnum;"
. - 'bold small caps'  (bx/sc) with NFSS spec.:
. <->"[LinLibertine_RB.otf]/OT:script=latn;language=DFLT;+pnum;+lnum;+smcp;"-
. 'italic' (m/it) with NFSS spec.:
. <->"[LinLibertine_RI.otf]/OT:script=latn;language=DFLT;+pnum;+lnum;"
. - 'italic small caps'  (m/itsc) with NFSS spec.:
. <->"[LinLibertine_RI.otf]/OT:script=latn;language=DFLT;+pnum;+lnum;+smcp;"-
. 'bold italic' (bx/it) with NFSS spec.:
. <->"[LinLibertine_RBI.otf]/OT:script=latn;language=DFLT;+pnum;+lnum;"
. - 'bold italic small caps'  (bx/itsc) with NFSS spec.:
. <->"[LinLibertine_RBI.otf]/OT:script=latn;language=DFLT;+pnum;+lnum;+smcp;"
.................................................
.................................................
. fontspec info: "defining-font"
. 
. Font family 'LinBiolinum(4)' created for font 'LinBiolinum' with options
. [Extension = .otf,Numbers = {Monospaced,},Scale = 1,UprightFont =
. *_R,ItalicFont = *_RI,BoldFont = *_RB,BoldItalicFont = *_RBO].
. 
. This font family consists of the following NFSS series/shapes:
. - 'normal' (m/n) with NFSS spec.:
. <->s*[1]"[LinBiolinum_R.otf]/OT:script=latn;language=DFLT;+tnum;"
. - 'small caps'  (m/sc) with NFSS spec.:
. <->s*[1]"[LinBiolinum_R.otf]/OT:script=latn;language=DFLT;+tnum;+smcp;"-
. 'bold' (bx/n) with NFSS spec.:
. <->s*[1]"[LinBiolinum_RB.otf]/OT:script=latn;language=DFLT;+tnum;"
. - 'bold small caps'  (bx/sc) with NFSS spec.:
. <->s*[1]"[LinBiolinum_RB.otf]/OT:script=latn;language=DFLT;+tnum;+smcp;"-
. 'italic' (m/it) with NFSS spec.:
. <->s*[1]"[LinBiolinum_RI.otf]/OT:script=latn;language=DFLT;+tnum;"
. - 'italic small caps'  (m/itsc) with NFSS spec.:
. <->s*[1]"[LinBiolinum_RI.otf]/OT:script=latn;language=DFLT;+tnum;+smcp;"-
. 'bold italic' (bx/it) with NFSS spec.:
. <->s*[1]"[LinBiolinum_RBO.otf]/OT:script=latn;language=DFLT;+tnum;"
. - 'bold italic small caps'  (bx/itsc) with NFSS spec.:
. <->s*[1]"[LinBiolinum_RBO.otf]/OT:script=latn;language=DFLT;+tnum;+smcp;"
.................................................
.................................................
. fontspec info: "defining-font"
. 
. Font family 'LinBiolinum(5)' created for font 'LinBiolinum' with options
. [Extension = .otf,Numbers = {Proportional,},Scale = 1,UprightFont =
. *_R,ItalicFont = *_RI,BoldFont = *_RB,BoldItalicFont = *_RBO].
. 
. This font family consists of the following NFSS series/shapes:
. - 'normal' (m/n) with NFSS spec.:
. <->s*[1]"[LinBiolinum_R.otf]/OT:script=latn;language=DFLT;+pnum;"
. - 'small caps'  (m/sc) with NFSS spec.:
. <->s*[1]"[LinBiolinum_R.otf]/OT:script=latn;language=DFLT;+pnum;+smcp;"-
. 'bold' (bx/n) with NFSS spec.:
. <->s*[1]"[LinBiolinum_RB.otf]/OT:script=latn;language=DFLT;+pnum;"
. - 'bold small caps'  (bx/sc) with NFSS spec.:
. <->s*[1]"[LinBiolinum_RB.otf]/OT:script=latn;language=DFLT;+pnum;+smcp;"-
. 'italic' (m/it) with NFSS spec.:
. <->s*[1]"[LinBiolinum_RI.otf]/OT:script=latn;language=DFLT;+pnum;"
. - 'italic small caps'  (m/itsc) with NFSS spec.:
. <->s*[1]"[LinBiolinum_RI.otf]/OT:script=latn;language=DFLT;+pnum;+smcp;"-
. 'bold italic' (bx/it) with NFSS spec.:
. <->s*[1]"[LinBiolinum_RBO.otf]/OT:script=latn;language=DFLT;+pnum;"
. - 'bold italic small caps'  (bx/itsc) with NFSS spec.:
. <->s*[1]"[LinBiolinum_RBO.otf]/OT:script=latn;language=DFLT;+pnum;+smcp;"
.................................................
(/usr/local/texlive/2016/texmf-dist/tex/latex/libertine/LinLibertine_R.tex)
(/usr/local/texlive/2016/texmf-dist/tex/latex/libertine/LinBiolinum_R.tex)
(/usr/local/texlive/2016/texmf-dist/tex/latex/libertine/LinBiolinum_K.tex)
(/usr/local/texlive/2016/texmf-dist/tex/latex/libertine/LinLibertine_I.tex)
(/usr/local/texlive/2016/texmf-dist/tex/latex/libertine/LKey.tex))
Excluding comment 'steps'
No file test.aux.
\openout1 = `test.aux'.

LaTeX Font Info:    Checking defaults for OML/cmm/m/it on input line 51.
LaTeX Font Info:    ... okay on input line 51.
LaTeX Font Info:    Checking defaults for T1/cmr/m/n on input line 51.
LaTeX Font Info:    ... okay on input line 51.
LaTeX Font Info:    Checking defaults for OT1/cmr/m/n on input line 51.
LaTeX Font Info:    ... okay on input line 51.
LaTeX Font Info:    Checking defaults for OMS/cmsy/m/n on input line 51.
LaTeX Font Info:    ... okay on input line 51.
LaTeX Font Info:    Checking defaults for OMX/cmex/m/n on input line 51.
LaTeX Font Info:    ... okay on input line 51.
LaTeX Font Info:    Checking defaults for U/cmr/m/n on input line 51.
LaTeX Font Info:    ... okay on input line 51.
LaTeX Font Info:    Checking defaults for EU1/lmr/m/n on input line 51.
LaTeX Font Info:    ... okay on input line 51.
LaTeX Font Info:    Checking defaults for T3/cmr/m/n on input line 51.
LaTeX Font Info:    Try loading font information for T3+cmr on input line 51.
(/usr/local/texlive/2016/texmf-dist/tex/latex/tipa/t3cmr.fd
File: t3cmr.fd 2001/12/31 TIPA font definitions
)
LaTeX Font Info:    ... okay on input line 51.
LaTeX Font Info:    Checking defaults for TS1/cmr/m/n on input line 51.
LaTeX Font Info:    Try loading font information for TS1+cmr on input line 51.

(/usr/local/texlive/2016/texmf-dist/tex/latex/base/ts1cmr.fd
File: ts1cmr.fd 2014/09/29 v2.5h Standard LaTeX font definitions
)
LaTeX Font Info:    ... okay on input line 51.

*geometry* driver: auto-detecting
*geometry* detected driver: xetex
*geometry* verbose mode - [ preamble ] result:
* driver: xetex
* paper: a4paper
* layout: <same size as paper>
* layoutoffset:(h,v)=(0.0pt,0.0pt)
* modes: twoside asymmetric 
* h-part:(L,W,R)=(34.1433pt, 406.87444pt, 156.49014pt)
* v-part:(T,H,B)=(28.45274pt, 788.14136pt, 28.45274pt)
* \paperwidth=597.50787pt
* \paperheight=845.04684pt
* \textwidth=406.87444pt
* \textheight=788.14136pt
* \oddsidemargin=-38.1267pt
* \evensidemargin=-38.1267pt
* \topmargin=-80.81725pt
* \headheight=12.0pt
* \headsep=25.0pt
* \topskip=12.0pt
* \footskip=19.91692pt
* \marginparwidth=128.0374pt
* \marginparsep=10.0pt
* \columnsep=10.0pt
* \skip\footins=10.8pt plus 4.0pt minus 2.0pt
* \hoffset=0.0pt
* \voffset=0.0pt
* \mag=1000
* \@twocolumnfalse
* \@twosidetrue
* \@mparswitchfalse
* \@reversemarginfalse
* (1in=72.27pt=25.4mm, 1cm=28.453pt)

ABD: EveryShipout initializing macros
Requested font "[LinLibertine_R.otf]/OT:script=latn;language=DFLT;mapping=tex-t
ext;mapping=tex-text;+tnum;+lnum;" at 14.4pt
 -> /usr/local/texlive/2016/texmf-dist/fonts/opentype/public/libertine/LinLiber
tine_R.otf
Requested font "[LinLibertine_RB.otf]/OT:script=latn;language=DFLT;mapping=tex-
text;mapping=tex-text;+tnum;+lnum;" at 14.4pt
 -> /usr/local/texlive/2016/texmf-dist/fonts/opentype/public/libertine/LinLiber
tine_RB.otf
Requested font "cmr8" at 8.0pt
 -> /usr/local/texlive/2016/texmf-dist/fonts/tfm/public/cm/cmr8.tfm
Requested font "cmr6" at 6.0pt
 -> /usr/local/texlive/2016/texmf-dist/fonts/tfm/public/cm/cmr6.tfm
Requested font "cmmi12" at 12.0pt
 -> /usr/local/texlive/2016/texmf-dist/fonts/tfm/public/cm/cmmi12.tfm
Requested font "cmmi8" at 8.0pt
 -> /usr/local/texlive/2016/texmf-dist/fonts/tfm/public/cm/cmmi8.tfm
Requested font "cmmi6" at 6.0pt
 -> /usr/local/texlive/2016/texmf-dist/fonts/tfm/public/cm/cmmi6.tfm
Requested font "cmsy10" at 12.0pt
 -> /usr/local/texlive/2016/texmf-dist/fonts/tfm/public/cm/cmsy10.tfm
Requested font "cmsy8" at 8.0pt
 -> /usr/local/texlive/2016/texmf-dist/fonts/tfm/public/cm/cmsy8.tfm
Requested font "cmsy6" at 6.0pt
 -> /usr/local/texlive/2016/texmf-dist/fonts/tfm/public/cm/cmsy6.tfm
Requested font "cmex10" at 12.0pt
 -> /usr/local/texlive/2016/texmf-dist/fonts/tfm/public/cm/cmex10.tfm
Requested font "cmex8" at 8.0pt
 -> /usr/local/texlive/2016/texmf-dist/fonts/tfm/public/amsfonts/cmextra/cmex8.
tfm
Requested font "cmex7" at 6.0pt
 -> /usr/local/texlive/2016/texmf-dist/fonts/tfm/public/amsfonts/cmextra/cmex7.
tfm
LaTeX Font Info:    Try loading font information for U+msa on input line 57.

(/usr/local/texlive/2016/texmf-dist/tex/latex/amsfonts/umsa.fd
File: umsa.fd 2013/01/14 v3.01 AMS symbols A
)
Requested font "msam10" at 12.0pt
 -> /usr/local/texlive/2016/texmf-dist/fonts/tfm/public/amsfonts/symbols/msam10
.tfm
Requested font "msam10" at 8.0pt
 -> /usr/local/texlive/2016/texmf-dist/fonts/tfm/public/amsfonts/symbols/msam10
.tfm
Requested font "msam7" at 6.0pt
 -> /usr/local/texlive/2016/texmf-dist/fonts/tfm/public/amsfonts/symbols/msam7.
tfm
LaTeX Font Info:    Try loading font information for U+msb on input line 57.

(/usr/local/texlive/2016/texmf-dist/tex/latex/amsfonts/umsb.fd
File: umsb.fd 2013/01/14 v3.01 AMS symbols B
)
Requested font "msbm10" at 12.0pt
 -> /usr/local/texlive/2016/texmf-dist/fonts/tfm/public/amsfonts/symbols/msbm10
.tfm
Requested font "msbm10" at 8.0pt
 -> /usr/local/texlive/2016/texmf-dist/fonts/tfm/public/amsfonts/symbols/msbm10
.tfm
Requested font "msbm7" at 6.0pt
 -> /usr/local/texlive/2016/texmf-dist/fonts/tfm/public/amsfonts/symbols/msbm7.
tfm

Excluding 'steps' comment.
Requested font "cmr12" at 14.4pt
 -> /usr/local/texlive/2016/texmf-dist/fonts/tfm/public/cm/cmr12.tfm
Requested font "cmmi12" at 14.4pt
 -> /usr/local/texlive/2016/texmf-dist/fonts/tfm/public/cm/cmmi12.tfm
Requested font "cmsy10" at 14.4pt
 -> /usr/local/texlive/2016/texmf-dist/fonts/tfm/public/cm/cmsy10.tfm
Requested font "cmex10" at 14.4pt
 -> /usr/local/texlive/2016/texmf-dist/fonts/tfm/public/cm/cmex10.tfm
Requested font "cmex7" at 7.0pt
 -> /usr/local/texlive/2016/texmf-dist/fonts/tfm/public/amsfonts/cmextra/cmex7.
tfm
Requested font "msam10" at 14.4pt
 -> /usr/local/texlive/2016/texmf-dist/fonts/tfm/public/amsfonts/symbols/msam10
.tfm
Requested font "msam10" at 10.0pt
 -> /usr/local/texlive/2016/texmf-dist/fonts/tfm/public/amsfonts/symbols/msam10
.tfm
Requested font "msam7" at 7.0pt
 -> /usr/local/texlive/2016/texmf-dist/fonts/tfm/public/amsfonts/symbols/msam7.
tfm
Requested font "msbm10" at 14.4pt
 -> /usr/local/texlive/2016/texmf-dist/fonts/tfm/public/amsfonts/symbols/msbm10
.tfm
Requested font "msbm10" at 10.0pt
 -> /usr/local/texlive/2016/texmf-dist/fonts/tfm/public/amsfonts/symbols/msbm10
.tfm
Requested font "msbm7" at 7.0pt
 -> /usr/local/texlive/2016/texmf-dist/fonts/tfm/public/amsfonts/symbols/msbm7.
tfm
 Excluding 'steps' comment. [1

] (./test.aux) ) 
Here is how much of TeX's memory you used:
 35458 strings out of 493591
 735198 string characters out of 6143546
 597161 words of memory out of 5000000
 38470 multiletter control sequences out of 15000+600000
 11263 words of font info for 69 fonts, out of 8000000 for 9000
 1347 hyphenation exceptions out of 8191
 55i,5n,68p,10347b,248s stack positions out of 5000i,500n,10000p,200000b,80000s

Output written on test.pdf (1 page).
